// Jest Snapshot v1, https://goo.gl/fbAQLP

exports[`InstructionWrapper tests Should match the snapshot 1`] = `
ShallowWrapper {
  "length": 1,
  Symbol(enzyme.__root__): [Circular],
  Symbol(enzyme.__unrendered__): <InstructionWrapper>
    <div>
      Instructions
    </div>
  </InstructionWrapper>,
  Symbol(enzyme.__renderer__): Object {
    "batchedUpdates": [Function],
    "getNode": [Function],
    "render": [Function],
    "simulateEvent": [Function],
    "unmount": [Function],
  },
  Symbol(enzyme.__node__): Object {
    "instance": null,
    "key": undefined,
    "nodeType": "host",
    "props": Object {
      "children": Array [
        <span
          className="patient-directions-toggle"
          onClick={[Function]}
        >
          Show Instructions
        </span>,
        <div
          className="instructions-wrapper hide-instructions"
        >
          <div>
            Instructions
          </div>
        </div>,
      ],
      "className": "InstructionWrapper",
    },
    "ref": null,
    "rendered": Array [
      Object {
        "instance": null,
        "key": undefined,
        "nodeType": "host",
        "props": Object {
          "children": "Show Instructions",
          "className": "patient-directions-toggle",
          "onClick": [Function],
        },
        "ref": null,
        "rendered": "Show Instructions",
        "type": "span",
      },
      Object {
        "instance": null,
        "key": undefined,
        "nodeType": "host",
        "props": Object {
          "children": <div>
            Instructions
          </div>,
          "className": "instructions-wrapper hide-instructions",
        },
        "ref": null,
        "rendered": Object {
          "instance": null,
          "key": undefined,
          "nodeType": "host",
          "props": Object {
            "children": "Instructions",
          },
          "ref": null,
          "rendered": "Instructions",
          "type": "div",
        },
        "type": "div",
      },
    ],
    "type": "div",
  },
  Symbol(enzyme.__nodes__): Array [
    Object {
      "instance": null,
      "key": undefined,
      "nodeType": "host",
      "props": Object {
        "children": Array [
          <span
            className="patient-directions-toggle"
            onClick={[Function]}
          >
            Show Instructions
          </span>,
          <div
            className="instructions-wrapper hide-instructions"
          >
            <div>
              Instructions
            </div>
          </div>,
        ],
        "className": "InstructionWrapper",
      },
      "ref": null,
      "rendered": Array [
        Object {
          "instance": null,
          "key": undefined,
          "nodeType": "host",
          "props": Object {
            "children": "Show Instructions",
            "className": "patient-directions-toggle",
            "onClick": [Function],
          },
          "ref": null,
          "rendered": "Show Instructions",
          "type": "span",
        },
        Object {
          "instance": null,
          "key": undefined,
          "nodeType": "host",
          "props": Object {
            "children": <div>
              Instructions
            </div>,
            "className": "instructions-wrapper hide-instructions",
          },
          "ref": null,
          "rendered": Object {
            "instance": null,
            "key": undefined,
            "nodeType": "host",
            "props": Object {
              "children": "Instructions",
            },
            "ref": null,
            "rendered": "Instructions",
            "type": "div",
          },
          "type": "div",
        },
      ],
      "type": "div",
    },
  ],
  Symbol(enzyme.__options__): Object {
    "adapter": ReactSixteenAdapter {
      "options": Object {
        "enableComponentDidUpdateOnSetState": true,
      },
    },
  },
}
`;
