// Jest Snapshot v1, https://goo.gl/fbAQLP

exports[`Definition tests Should match the snapshot 1`] = `
ShallowWrapper {
  "length": 1,
  Symbol(enzyme.__root__): [Circular],
  Symbol(enzyme.__unrendered__): <Unknown
    definitions={
      Array [
        Object {
          "category_name": "Spirit",
          "definition": "This is the abbreviation for Just Right Challenge and Adaptive Response. Since we are utilizing and ASI© model as one foundational frame of reference, the treatment plan needs to include mindful decisions about how the therapists might guide the JRC and what AR's are noted.  This is where you should note what treatment was offered and what the response was.  In the treatment planning section, do this related to the STEPSI© components.",
          "imageURL": "",
          "term": "JRC/AR",
        },
        Object {
          "category_name": "Spirit",
          "definition": "This is an abbreviation for Sensory-Affective-Motor, and was originated by Greenspan. For the SpIRiT©, Stackhouse and colleagues have elaborated the Sensory-Affective-Motor function into the low and high routes of processing that occur in each function.  This is the pivotal function that helps to 'connect the dots and trace the threads' of connection between the functions in the SpIRiT© model.  The idea here is for the clinician to select which aspect seems to be the \\"driver\\" of the concerns in that area (S-A-M) - it is a clinical decision/tacit response about what seems to be the most primary. This should be consistent, then, with what your clinical decisions are in each area.  It could be one, two, or all three (S-A-M), and it could vary from one area to another.",
          "imageURL": "true",
          "term": "S-A-M",
        },
        Object {
          "category_name": "Spirit",
          "definition": "High: Sensory Discrimination, Low: Sensory Modulation",
          "imageURL": "",
          "term": "S in S-A-M: Sensory",
        },
        Object {
          "category_name": "Spirit",
          "definition": "High: Motivational Biasing System, Low: Affective Valence",
          "imageURL": "",
          "term": "A in S-A-M: Affective",
        },
        Object {
          "category_name": "Spirit",
          "definition": "High: Motor Planning Executive system, Low: Automatic postural and motor functions",
          "imageURL": "",
          "term": "M in S-A-M: Motor",
        },
      ]
    }
    title="S-A-M"
  />,
  Symbol(enzyme.__renderer__): Object {
    "batchedUpdates": [Function],
    "getNode": [Function],
    "render": [Function],
    "simulateEvent": [Function],
    "unmount": [Function],
  },
  Symbol(enzyme.__node__): Object {
    "instance": null,
    "key": undefined,
    "nodeType": "host",
    "props": Object {
      "children": Array [
        <div>
          <h5
            className="definition-title"
          >
            S-A-M
          </h5>
          <p
            className="definition-body"
          >
            This is an abbreviation for Sensory-Affective-Motor, and was originated by Greenspan. For the SpIRiT©, Stackhouse and colleagues have elaborated the Sensory-Affective-Motor function into the low and high routes of processing that occur in each function.  This is the pivotal function that helps to 'connect the dots and trace the threads' of connection between the functions in the SpIRiT© model.  The idea here is for the clinician to select which aspect seems to be the "driver" of the concerns in that area (S-A-M) - it is a clinical decision/tacit response about what seems to be the most primary. This should be consistent, then, with what your clinical decisions are in each area.  It could be one, two, or all three (S-A-M), and it could vary from one area to another.
          </p>
          <hr />
        </div>,
      ],
      "className": "Definition",
    },
    "ref": null,
    "rendered": Array [
      Object {
        "instance": null,
        "key": "0",
        "nodeType": "host",
        "props": Object {
          "children": Array [
            <h5
              className="definition-title"
            >
              S-A-M
            </h5>,
            <p
              className="definition-body"
            >
              This is an abbreviation for Sensory-Affective-Motor, and was originated by Greenspan. For the SpIRiT©, Stackhouse and colleagues have elaborated the Sensory-Affective-Motor function into the low and high routes of processing that occur in each function.  This is the pivotal function that helps to 'connect the dots and trace the threads' of connection between the functions in the SpIRiT© model.  The idea here is for the clinician to select which aspect seems to be the "driver" of the concerns in that area (S-A-M) - it is a clinical decision/tacit response about what seems to be the most primary. This should be consistent, then, with what your clinical decisions are in each area.  It could be one, two, or all three (S-A-M), and it could vary from one area to another.
            </p>,
            <hr />,
          ],
        },
        "ref": null,
        "rendered": Array [
          Object {
            "instance": null,
            "key": undefined,
            "nodeType": "host",
            "props": Object {
              "children": "S-A-M",
              "className": "definition-title",
            },
            "ref": null,
            "rendered": "S-A-M",
            "type": "h5",
          },
          Object {
            "instance": null,
            "key": undefined,
            "nodeType": "host",
            "props": Object {
              "children": "This is an abbreviation for Sensory-Affective-Motor, and was originated by Greenspan. For the SpIRiT©, Stackhouse and colleagues have elaborated the Sensory-Affective-Motor function into the low and high routes of processing that occur in each function.  This is the pivotal function that helps to 'connect the dots and trace the threads' of connection between the functions in the SpIRiT© model.  The idea here is for the clinician to select which aspect seems to be the \\"driver\\" of the concerns in that area (S-A-M) - it is a clinical decision/tacit response about what seems to be the most primary. This should be consistent, then, with what your clinical decisions are in each area.  It could be one, two, or all three (S-A-M), and it could vary from one area to another.",
              "className": "definition-body",
            },
            "ref": null,
            "rendered": "This is an abbreviation for Sensory-Affective-Motor, and was originated by Greenspan. For the SpIRiT©, Stackhouse and colleagues have elaborated the Sensory-Affective-Motor function into the low and high routes of processing that occur in each function.  This is the pivotal function that helps to 'connect the dots and trace the threads' of connection between the functions in the SpIRiT© model.  The idea here is for the clinician to select which aspect seems to be the \\"driver\\" of the concerns in that area (S-A-M) - it is a clinical decision/tacit response about what seems to be the most primary. This should be consistent, then, with what your clinical decisions are in each area.  It could be one, two, or all three (S-A-M), and it could vary from one area to another.",
            "type": "p",
          },
          Object {
            "instance": null,
            "key": undefined,
            "nodeType": "host",
            "props": Object {},
            "ref": null,
            "rendered": null,
            "type": "hr",
          },
        ],
        "type": "div",
      },
    ],
    "type": "div",
  },
  Symbol(enzyme.__nodes__): Array [
    Object {
      "instance": null,
      "key": undefined,
      "nodeType": "host",
      "props": Object {
        "children": Array [
          <div>
            <h5
              className="definition-title"
            >
              S-A-M
            </h5>
            <p
              className="definition-body"
            >
              This is an abbreviation for Sensory-Affective-Motor, and was originated by Greenspan. For the SpIRiT©, Stackhouse and colleagues have elaborated the Sensory-Affective-Motor function into the low and high routes of processing that occur in each function.  This is the pivotal function that helps to 'connect the dots and trace the threads' of connection between the functions in the SpIRiT© model.  The idea here is for the clinician to select which aspect seems to be the "driver" of the concerns in that area (S-A-M) - it is a clinical decision/tacit response about what seems to be the most primary. This should be consistent, then, with what your clinical decisions are in each area.  It could be one, two, or all three (S-A-M), and it could vary from one area to another.
            </p>
            <hr />
          </div>,
        ],
        "className": "Definition",
      },
      "ref": null,
      "rendered": Array [
        Object {
          "instance": null,
          "key": "0",
          "nodeType": "host",
          "props": Object {
            "children": Array [
              <h5
                className="definition-title"
              >
                S-A-M
              </h5>,
              <p
                className="definition-body"
              >
                This is an abbreviation for Sensory-Affective-Motor, and was originated by Greenspan. For the SpIRiT©, Stackhouse and colleagues have elaborated the Sensory-Affective-Motor function into the low and high routes of processing that occur in each function.  This is the pivotal function that helps to 'connect the dots and trace the threads' of connection between the functions in the SpIRiT© model.  The idea here is for the clinician to select which aspect seems to be the "driver" of the concerns in that area (S-A-M) - it is a clinical decision/tacit response about what seems to be the most primary. This should be consistent, then, with what your clinical decisions are in each area.  It could be one, two, or all three (S-A-M), and it could vary from one area to another.
              </p>,
              <hr />,
            ],
          },
          "ref": null,
          "rendered": Array [
            Object {
              "instance": null,
              "key": undefined,
              "nodeType": "host",
              "props": Object {
                "children": "S-A-M",
                "className": "definition-title",
              },
              "ref": null,
              "rendered": "S-A-M",
              "type": "h5",
            },
            Object {
              "instance": null,
              "key": undefined,
              "nodeType": "host",
              "props": Object {
                "children": "This is an abbreviation for Sensory-Affective-Motor, and was originated by Greenspan. For the SpIRiT©, Stackhouse and colleagues have elaborated the Sensory-Affective-Motor function into the low and high routes of processing that occur in each function.  This is the pivotal function that helps to 'connect the dots and trace the threads' of connection between the functions in the SpIRiT© model.  The idea here is for the clinician to select which aspect seems to be the \\"driver\\" of the concerns in that area (S-A-M) - it is a clinical decision/tacit response about what seems to be the most primary. This should be consistent, then, with what your clinical decisions are in each area.  It could be one, two, or all three (S-A-M), and it could vary from one area to another.",
                "className": "definition-body",
              },
              "ref": null,
              "rendered": "This is an abbreviation for Sensory-Affective-Motor, and was originated by Greenspan. For the SpIRiT©, Stackhouse and colleagues have elaborated the Sensory-Affective-Motor function into the low and high routes of processing that occur in each function.  This is the pivotal function that helps to 'connect the dots and trace the threads' of connection between the functions in the SpIRiT© model.  The idea here is for the clinician to select which aspect seems to be the \\"driver\\" of the concerns in that area (S-A-M) - it is a clinical decision/tacit response about what seems to be the most primary. This should be consistent, then, with what your clinical decisions are in each area.  It could be one, two, or all three (S-A-M), and it could vary from one area to another.",
              "type": "p",
            },
            Object {
              "instance": null,
              "key": undefined,
              "nodeType": "host",
              "props": Object {},
              "ref": null,
              "rendered": null,
              "type": "hr",
            },
          ],
          "type": "div",
        },
      ],
      "type": "div",
    },
  ],
  Symbol(enzyme.__options__): Object {
    "adapter": ReactSixteenAdapter {
      "options": Object {
        "enableComponentDidUpdateOnSetState": true,
      },
    },
  },
}
`;
