// Jest Snapshot v1, https://goo.gl/fbAQLP

exports[`Sam tests Should match snapshot 1`] = `
ShallowWrapper {
  "length": 1,
  Symbol(enzyme.__root__): [Circular],
  Symbol(enzyme.__unrendered__): <Sam />,
  Symbol(enzyme.__renderer__): Object {
    "batchedUpdates": [Function],
    "getNode": [Function],
    "render": [Function],
    "simulateEvent": [Function],
    "unmount": [Function],
  },
  Symbol(enzyme.__node__): Object {
    "instance": null,
    "key": undefined,
    "nodeType": "host",
    "props": Object {
      "children": Array [
        <div
          className="sam-image-holder"
        >
          <img
            alt="sam-diagram"
            className="sam-big-image"
            src="/assets/sam-w-labels.svg"
          />
          <Link
            replace={false}
            to="modulation"
          >
            <p
              className="sam-session-dots session-dots-1"
            >
              1
            </p>
          </Link>
          <Link
            replace={false}
            to="social"
          >
            <p
              className="sam-session-dots session-dots-2"
            >
              2
            </p>
          </Link>
          <Link
            replace={false}
            to="postural"
          >
            <p
              className="sam-session-dots session-dots-3"
            >
              3
            </p>
          </Link>
          <Link
            replace={false}
            to="sensory"
          >
            <p
              className="sam-session-dots session-dots-4"
            >
              4
            </p>
          </Link>
          <Link
            replace={false}
            to="executive"
          >
            <p
              className="sam-session-dots session-dots-5"
            >
              5
            </p>
          </Link>
          <p
            className="sam-session-dots session-dots-6"
          >
            6
          </p>
        </div>,
        <div
          className="fair-image-holder"
        >
          <img
            alt="fair-diagram"
            className="fair-big-image"
            src="/assets/fair.svg"
          />
        </div>,
      ],
      "className": "Sam",
    },
    "ref": null,
    "rendered": Array [
      Object {
        "instance": null,
        "key": undefined,
        "nodeType": "host",
        "props": Object {
          "children": Array [
            <img
              alt="sam-diagram"
              className="sam-big-image"
              src="/assets/sam-w-labels.svg"
            />,
            Array [
              <Link
                replace={false}
                to="modulation"
              >
                <p
                  className="sam-session-dots session-dots-1"
                >
                  1
                </p>
              </Link>,
              <Link
                replace={false}
                to="social"
              >
                <p
                  className="sam-session-dots session-dots-2"
                >
                  2
                </p>
              </Link>,
              <Link
                replace={false}
                to="postural"
              >
                <p
                  className="sam-session-dots session-dots-3"
                >
                  3
                </p>
              </Link>,
              <Link
                replace={false}
                to="sensory"
              >
                <p
                  className="sam-session-dots session-dots-4"
                >
                  4
                </p>
              </Link>,
              <Link
                replace={false}
                to="executive"
              >
                <p
                  className="sam-session-dots session-dots-5"
                >
                  5
                </p>
              </Link>,
              <p
                className="sam-session-dots session-dots-6"
              >
                6
              </p>,
            ],
          ],
          "className": "sam-image-holder",
        },
        "ref": null,
        "rendered": Array [
          Object {
            "instance": null,
            "key": undefined,
            "nodeType": "host",
            "props": Object {
              "alt": "sam-diagram",
              "className": "sam-big-image",
              "src": "/assets/sam-w-labels.svg",
            },
            "ref": null,
            "rendered": null,
            "type": "img",
          },
          Object {
            "instance": null,
            "key": "modulation",
            "nodeType": "class",
            "props": Object {
              "children": <p
                className="sam-session-dots session-dots-1"
              >
                1
              </p>,
              "replace": false,
              "to": "modulation",
            },
            "ref": null,
            "rendered": Object {
              "instance": null,
              "key": undefined,
              "nodeType": "host",
              "props": Object {
                "children": 1,
                "className": "sam-session-dots session-dots-1",
              },
              "ref": null,
              "rendered": 1,
              "type": "p",
            },
            "type": [Function],
          },
          Object {
            "instance": null,
            "key": "social",
            "nodeType": "class",
            "props": Object {
              "children": <p
                className="sam-session-dots session-dots-2"
              >
                2
              </p>,
              "replace": false,
              "to": "social",
            },
            "ref": null,
            "rendered": Object {
              "instance": null,
              "key": undefined,
              "nodeType": "host",
              "props": Object {
                "children": 2,
                "className": "sam-session-dots session-dots-2",
              },
              "ref": null,
              "rendered": 2,
              "type": "p",
            },
            "type": [Function],
          },
          Object {
            "instance": null,
            "key": "postural",
            "nodeType": "class",
            "props": Object {
              "children": <p
                className="sam-session-dots session-dots-3"
              >
                3
              </p>,
              "replace": false,
              "to": "postural",
            },
            "ref": null,
            "rendered": Object {
              "instance": null,
              "key": undefined,
              "nodeType": "host",
              "props": Object {
                "children": 3,
                "className": "sam-session-dots session-dots-3",
              },
              "ref": null,
              "rendered": 3,
              "type": "p",
            },
            "type": [Function],
          },
          Object {
            "instance": null,
            "key": "sensory",
            "nodeType": "class",
            "props": Object {
              "children": <p
                className="sam-session-dots session-dots-4"
              >
                4
              </p>,
              "replace": false,
              "to": "sensory",
            },
            "ref": null,
            "rendered": Object {
              "instance": null,
              "key": undefined,
              "nodeType": "host",
              "props": Object {
                "children": 4,
                "className": "sam-session-dots session-dots-4",
              },
              "ref": null,
              "rendered": 4,
              "type": "p",
            },
            "type": [Function],
          },
          Object {
            "instance": null,
            "key": "executive",
            "nodeType": "class",
            "props": Object {
              "children": <p
                className="sam-session-dots session-dots-5"
              >
                5
              </p>,
              "replace": false,
              "to": "executive",
            },
            "ref": null,
            "rendered": Object {
              "instance": null,
              "key": undefined,
              "nodeType": "host",
              "props": Object {
                "children": 5,
                "className": "sam-session-dots session-dots-5",
              },
              "ref": null,
              "rendered": 5,
              "type": "p",
            },
            "type": [Function],
          },
          Object {
            "instance": null,
            "key": "6",
            "nodeType": "host",
            "props": Object {
              "children": 6,
              "className": "sam-session-dots session-dots-6",
            },
            "ref": null,
            "rendered": 6,
            "type": "p",
          },
        ],
        "type": "div",
      },
      Object {
        "instance": null,
        "key": undefined,
        "nodeType": "host",
        "props": Object {
          "children": <img
            alt="fair-diagram"
            className="fair-big-image"
            src="/assets/fair.svg"
          />,
          "className": "fair-image-holder",
        },
        "ref": null,
        "rendered": Object {
          "instance": null,
          "key": undefined,
          "nodeType": "host",
          "props": Object {
            "alt": "fair-diagram",
            "className": "fair-big-image",
            "src": "/assets/fair.svg",
          },
          "ref": null,
          "rendered": null,
          "type": "img",
        },
        "type": "div",
      },
    ],
    "type": "div",
  },
  Symbol(enzyme.__nodes__): Array [
    Object {
      "instance": null,
      "key": undefined,
      "nodeType": "host",
      "props": Object {
        "children": Array [
          <div
            className="sam-image-holder"
          >
            <img
              alt="sam-diagram"
              className="sam-big-image"
              src="/assets/sam-w-labels.svg"
            />
            <Link
              replace={false}
              to="modulation"
            >
              <p
                className="sam-session-dots session-dots-1"
              >
                1
              </p>
            </Link>
            <Link
              replace={false}
              to="social"
            >
              <p
                className="sam-session-dots session-dots-2"
              >
                2
              </p>
            </Link>
            <Link
              replace={false}
              to="postural"
            >
              <p
                className="sam-session-dots session-dots-3"
              >
                3
              </p>
            </Link>
            <Link
              replace={false}
              to="sensory"
            >
              <p
                className="sam-session-dots session-dots-4"
              >
                4
              </p>
            </Link>
            <Link
              replace={false}
              to="executive"
            >
              <p
                className="sam-session-dots session-dots-5"
              >
                5
              </p>
            </Link>
            <p
              className="sam-session-dots session-dots-6"
            >
              6
            </p>
          </div>,
          <div
            className="fair-image-holder"
          >
            <img
              alt="fair-diagram"
              className="fair-big-image"
              src="/assets/fair.svg"
            />
          </div>,
        ],
        "className": "Sam",
      },
      "ref": null,
      "rendered": Array [
        Object {
          "instance": null,
          "key": undefined,
          "nodeType": "host",
          "props": Object {
            "children": Array [
              <img
                alt="sam-diagram"
                className="sam-big-image"
                src="/assets/sam-w-labels.svg"
              />,
              Array [
                <Link
                  replace={false}
                  to="modulation"
                >
                  <p
                    className="sam-session-dots session-dots-1"
                  >
                    1
                  </p>
                </Link>,
                <Link
                  replace={false}
                  to="social"
                >
                  <p
                    className="sam-session-dots session-dots-2"
                  >
                    2
                  </p>
                </Link>,
                <Link
                  replace={false}
                  to="postural"
                >
                  <p
                    className="sam-session-dots session-dots-3"
                  >
                    3
                  </p>
                </Link>,
                <Link
                  replace={false}
                  to="sensory"
                >
                  <p
                    className="sam-session-dots session-dots-4"
                  >
                    4
                  </p>
                </Link>,
                <Link
                  replace={false}
                  to="executive"
                >
                  <p
                    className="sam-session-dots session-dots-5"
                  >
                    5
                  </p>
                </Link>,
                <p
                  className="sam-session-dots session-dots-6"
                >
                  6
                </p>,
              ],
            ],
            "className": "sam-image-holder",
          },
          "ref": null,
          "rendered": Array [
            Object {
              "instance": null,
              "key": undefined,
              "nodeType": "host",
              "props": Object {
                "alt": "sam-diagram",
                "className": "sam-big-image",
                "src": "/assets/sam-w-labels.svg",
              },
              "ref": null,
              "rendered": null,
              "type": "img",
            },
            Object {
              "instance": null,
              "key": "modulation",
              "nodeType": "class",
              "props": Object {
                "children": <p
                  className="sam-session-dots session-dots-1"
                >
                  1
                </p>,
                "replace": false,
                "to": "modulation",
              },
              "ref": null,
              "rendered": Object {
                "instance": null,
                "key": undefined,
                "nodeType": "host",
                "props": Object {
                  "children": 1,
                  "className": "sam-session-dots session-dots-1",
                },
                "ref": null,
                "rendered": 1,
                "type": "p",
              },
              "type": [Function],
            },
            Object {
              "instance": null,
              "key": "social",
              "nodeType": "class",
              "props": Object {
                "children": <p
                  className="sam-session-dots session-dots-2"
                >
                  2
                </p>,
                "replace": false,
                "to": "social",
              },
              "ref": null,
              "rendered": Object {
                "instance": null,
                "key": undefined,
                "nodeType": "host",
                "props": Object {
                  "children": 2,
                  "className": "sam-session-dots session-dots-2",
                },
                "ref": null,
                "rendered": 2,
                "type": "p",
              },
              "type": [Function],
            },
            Object {
              "instance": null,
              "key": "postural",
              "nodeType": "class",
              "props": Object {
                "children": <p
                  className="sam-session-dots session-dots-3"
                >
                  3
                </p>,
                "replace": false,
                "to": "postural",
              },
              "ref": null,
              "rendered": Object {
                "instance": null,
                "key": undefined,
                "nodeType": "host",
                "props": Object {
                  "children": 3,
                  "className": "sam-session-dots session-dots-3",
                },
                "ref": null,
                "rendered": 3,
                "type": "p",
              },
              "type": [Function],
            },
            Object {
              "instance": null,
              "key": "sensory",
              "nodeType": "class",
              "props": Object {
                "children": <p
                  className="sam-session-dots session-dots-4"
                >
                  4
                </p>,
                "replace": false,
                "to": "sensory",
              },
              "ref": null,
              "rendered": Object {
                "instance": null,
                "key": undefined,
                "nodeType": "host",
                "props": Object {
                  "children": 4,
                  "className": "sam-session-dots session-dots-4",
                },
                "ref": null,
                "rendered": 4,
                "type": "p",
              },
              "type": [Function],
            },
            Object {
              "instance": null,
              "key": "executive",
              "nodeType": "class",
              "props": Object {
                "children": <p
                  className="sam-session-dots session-dots-5"
                >
                  5
                </p>,
                "replace": false,
                "to": "executive",
              },
              "ref": null,
              "rendered": Object {
                "instance": null,
                "key": undefined,
                "nodeType": "host",
                "props": Object {
                  "children": 5,
                  "className": "sam-session-dots session-dots-5",
                },
                "ref": null,
                "rendered": 5,
                "type": "p",
              },
              "type": [Function],
            },
            Object {
              "instance": null,
              "key": "6",
              "nodeType": "host",
              "props": Object {
                "children": 6,
                "className": "sam-session-dots session-dots-6",
              },
              "ref": null,
              "rendered": 6,
              "type": "p",
            },
          ],
          "type": "div",
        },
        Object {
          "instance": null,
          "key": undefined,
          "nodeType": "host",
          "props": Object {
            "children": <img
              alt="fair-diagram"
              className="fair-big-image"
              src="/assets/fair.svg"
            />,
            "className": "fair-image-holder",
          },
          "ref": null,
          "rendered": Object {
            "instance": null,
            "key": undefined,
            "nodeType": "host",
            "props": Object {
              "alt": "fair-diagram",
              "className": "fair-big-image",
              "src": "/assets/fair.svg",
            },
            "ref": null,
            "rendered": null,
            "type": "img",
          },
          "type": "div",
        },
      ],
      "type": "div",
    },
  ],
  Symbol(enzyme.__options__): Object {
    "adapter": ReactSixteenAdapter {
      "options": Object {
        "enableComponentDidUpdateOnSetState": true,
      },
    },
  },
}
`;
