// Jest Snapshot v1, https://goo.gl/fbAQLP

exports[`Users tests Should match the snapshot 1`] = `
ShallowWrapper {
  "length": 1,
  Symbol(enzyme.__root__): [Circular],
  Symbol(enzyme.__unrendered__): <Unknown
    history={
      Object {
        "push": [Function],
      }
    }
    user={
      Object {
        "admin": false,
        "authrocket_id": "usr_0vBdVVz3RUsbR2ArDCoPvo",
        "clinic": "I Need Therapy",
        "clinic_abbreviation": "INT",
        "clinic_id": 10,
        "clinic_passcode": "utk85fmf",
        "created_at": "2018-02-19T03:41:23.701Z",
        "email": "sample@samplemail.com",
        "id": 1,
        "name": "Lee Trevino",
        "updated_at": "2018-02-19T03:41:23.701Z",
      }
    }
  />,
  Symbol(enzyme.__renderer__): Object {
    "batchedUpdates": [Function],
    "getNode": [Function],
    "render": [Function],
    "simulateEvent": [Function],
    "unmount": [Function],
  },
  Symbol(enzyme.__node__): Object {
    "instance": null,
    "key": undefined,
    "nodeType": "host",
    "props": Object {},
    "ref": null,
    "rendered": null,
    "type": "div",
  },
  Symbol(enzyme.__nodes__): Array [
    Object {
      "instance": null,
      "key": undefined,
      "nodeType": "host",
      "props": Object {},
      "ref": null,
      "rendered": null,
      "type": "div",
    },
  ],
  Symbol(enzyme.__options__): Object {
    "adapter": ReactSixteenAdapter {
      "options": Object {
        "enableComponentDidUpdateOnSetState": true,
      },
    },
  },
}
`;
