// Jest Snapshot v1, https://goo.gl/fbAQLP

exports[`Header tests Should match the snapshot 1`] = `
ShallowWrapper {
  "length": 1,
  Symbol(enzyme.__root__): [Circular],
  Symbol(enzyme.__unrendered__): <Unknown
    user={
      Object {
        "admin": false,
        "authrocket_id": "usr_0vBdVVz3RUsbR2ArDCoPvo",
        "clinic": "I Need Therapy",
        "clinic_abbreviation": "INT",
        "clinic_id": 10,
        "clinic_passcode": "utk85fmf",
        "created_at": "2018-02-19T03:41:23.701Z",
        "email": "sample@samplemail.com",
        "id": 1,
        "name": "Lee Trevino",
        "updated_at": "2018-02-19T03:41:23.701Z",
      }
    }
  />,
  Symbol(enzyme.__renderer__): Object {
    "batchedUpdates": [Function],
    "getNode": [Function],
    "render": [Function],
    "simulateEvent": [Function],
    "unmount": [Function],
  },
  Symbol(enzyme.__node__): Object {
    "instance": null,
    "key": undefined,
    "nodeType": "host",
    "props": Object {
      "children": Array [
        <Link
          replace={false}
          to="/spirit/index"
        >
          <img
            alt="SpIRiT-wordmark"
            className="header-wordmark"
            src="/assets/Spirit-Wordmark-White.png"
          />
        </Link>,
        <UNDEFINED>
          <Link
            replace={false}
            to="/spirit/users/1"
          >
            <h5
              className="header-welcome-user"
            >
              Welcome, 
              Lee Trevino
              !
            </h5>
          </Link>
          <h5
            className="header-welcome-clinic"
          >
            Clinic: I Need Therapy
          </h5>
        </UNDEFINED>,
        false,
      ],
      "className": "Header",
    },
    "ref": null,
    "rendered": Array [
      Object {
        "instance": null,
        "key": undefined,
        "nodeType": "class",
        "props": Object {
          "children": <img
            alt="SpIRiT-wordmark"
            className="header-wordmark"
            src="/assets/Spirit-Wordmark-White.png"
          />,
          "replace": false,
          "to": "/spirit/index",
        },
        "ref": null,
        "rendered": Object {
          "instance": null,
          "key": undefined,
          "nodeType": "host",
          "props": Object {
            "alt": "SpIRiT-wordmark",
            "className": "header-wordmark",
            "src": "/assets/Spirit-Wordmark-White.png",
          },
          "ref": null,
          "rendered": null,
          "type": "img",
        },
        "type": [Function],
      },
      Object {
        "instance": null,
        "key": undefined,
        "nodeType": "function",
        "props": Object {
          "children": Array [
            <Link
              replace={false}
              to="/spirit/users/1"
            >
              <h5
                className="header-welcome-user"
              >
                Welcome, 
                Lee Trevino
                !
              </h5>
            </Link>,
            <h5
              className="header-welcome-clinic"
            >
              Clinic: I Need Therapy
            </h5>,
          ],
        },
        "ref": null,
        "rendered": Array [
          Object {
            "instance": null,
            "key": undefined,
            "nodeType": "class",
            "props": Object {
              "children": <h5
                className="header-welcome-user"
              >
                Welcome, 
                Lee Trevino
                !
              </h5>,
              "replace": false,
              "to": "/spirit/users/1",
            },
            "ref": null,
            "rendered": Object {
              "instance": null,
              "key": undefined,
              "nodeType": "host",
              "props": Object {
                "children": Array [
                  "Welcome, ",
                  "Lee Trevino",
                  "!",
                ],
                "className": "header-welcome-user",
              },
              "ref": null,
              "rendered": Array [
                "Welcome, ",
                "Lee Trevino",
                "!",
              ],
              "type": "h5",
            },
            "type": [Function],
          },
          Object {
            "instance": null,
            "key": undefined,
            "nodeType": "host",
            "props": Object {
              "children": "Clinic: I Need Therapy",
              "className": "header-welcome-clinic",
            },
            "ref": null,
            "rendered": "Clinic: I Need Therapy",
            "type": "h5",
          },
        ],
        "type": Symbol(react.fragment),
      },
      false,
    ],
    "type": "div",
  },
  Symbol(enzyme.__nodes__): Array [
    Object {
      "instance": null,
      "key": undefined,
      "nodeType": "host",
      "props": Object {
        "children": Array [
          <Link
            replace={false}
            to="/spirit/index"
          >
            <img
              alt="SpIRiT-wordmark"
              className="header-wordmark"
              src="/assets/Spirit-Wordmark-White.png"
            />
          </Link>,
          <UNDEFINED>
            <Link
              replace={false}
              to="/spirit/users/1"
            >
              <h5
                className="header-welcome-user"
              >
                Welcome, 
                Lee Trevino
                !
              </h5>
            </Link>
            <h5
              className="header-welcome-clinic"
            >
              Clinic: I Need Therapy
            </h5>
          </UNDEFINED>,
          false,
        ],
        "className": "Header",
      },
      "ref": null,
      "rendered": Array [
        Object {
          "instance": null,
          "key": undefined,
          "nodeType": "class",
          "props": Object {
            "children": <img
              alt="SpIRiT-wordmark"
              className="header-wordmark"
              src="/assets/Spirit-Wordmark-White.png"
            />,
            "replace": false,
            "to": "/spirit/index",
          },
          "ref": null,
          "rendered": Object {
            "instance": null,
            "key": undefined,
            "nodeType": "host",
            "props": Object {
              "alt": "SpIRiT-wordmark",
              "className": "header-wordmark",
              "src": "/assets/Spirit-Wordmark-White.png",
            },
            "ref": null,
            "rendered": null,
            "type": "img",
          },
          "type": [Function],
        },
        Object {
          "instance": null,
          "key": undefined,
          "nodeType": "function",
          "props": Object {
            "children": Array [
              <Link
                replace={false}
                to="/spirit/users/1"
              >
                <h5
                  className="header-welcome-user"
                >
                  Welcome, 
                  Lee Trevino
                  !
                </h5>
              </Link>,
              <h5
                className="header-welcome-clinic"
              >
                Clinic: I Need Therapy
              </h5>,
            ],
          },
          "ref": null,
          "rendered": Array [
            Object {
              "instance": null,
              "key": undefined,
              "nodeType": "class",
              "props": Object {
                "children": <h5
                  className="header-welcome-user"
                >
                  Welcome, 
                  Lee Trevino
                  !
                </h5>,
                "replace": false,
                "to": "/spirit/users/1",
              },
              "ref": null,
              "rendered": Object {
                "instance": null,
                "key": undefined,
                "nodeType": "host",
                "props": Object {
                  "children": Array [
                    "Welcome, ",
                    "Lee Trevino",
                    "!",
                  ],
                  "className": "header-welcome-user",
                },
                "ref": null,
                "rendered": Array [
                  "Welcome, ",
                  "Lee Trevino",
                  "!",
                ],
                "type": "h5",
              },
              "type": [Function],
            },
            Object {
              "instance": null,
              "key": undefined,
              "nodeType": "host",
              "props": Object {
                "children": "Clinic: I Need Therapy",
                "className": "header-welcome-clinic",
              },
              "ref": null,
              "rendered": "Clinic: I Need Therapy",
              "type": "h5",
            },
          ],
          "type": Symbol(react.fragment),
        },
        false,
      ],
      "type": "div",
    },
  ],
  Symbol(enzyme.__options__): Object {
    "adapter": ReactSixteenAdapter {
      "options": Object {
        "enableComponentDidUpdateOnSetState": true,
      },
    },
  },
}
`;
