// Jest Snapshot v1, https://goo.gl/fbAQLP

exports[`ComparisonCard tests Should match snapshot 1`] = `
ShallowWrapper {
  "length": 1,
  Symbol(enzyme.__root__): [Circular],
  Symbol(enzyme.__unrendered__): <ComparisonCard
    dateArray={
      Array [
        "2018-02-20T20:08:23.713Z",
        "2018-02-20T20:12:14.588Z",
        "2018-02-20T21:25:45.454Z",
      ]
    }
    title="Maladaptive"
    values={
      Array [
        "5r",
        "6i",
        "5f",
      ]
    }
  />,
  Symbol(enzyme.__renderer__): Object {
    "batchedUpdates": [Function],
    "getNode": [Function],
    "render": [Function],
    "simulateEvent": [Function],
    "unmount": [Function],
  },
  Symbol(enzyme.__node__): Object {
    "instance": null,
    "key": undefined,
    "nodeType": "host",
    "props": Object {
      "children": Array [
        <h5>
          Maladaptive
        </h5>,
        <hr />,
        <div
          className="card-body"
        >
          <div
            className="card-dates"
          >
            <p>
              <p>
                Feb 20
              </p>
              <p>
                Feb 20
              </p>
              <p>
                Feb 20
              </p>
            </p>
          </div>
          <div
            className="card-values"
          >
            <p>
              <p>
                5r
              </p>
              <p>
                6i
              </p>
              <p>
                5f
              </p>
            </p>
          </div>
        </div>,
      ],
      "className": "ComparisonCard",
    },
    "ref": null,
    "rendered": Array [
      Object {
        "instance": null,
        "key": undefined,
        "nodeType": "host",
        "props": Object {
          "children": "Maladaptive",
        },
        "ref": null,
        "rendered": "Maladaptive",
        "type": "h5",
      },
      Object {
        "instance": null,
        "key": undefined,
        "nodeType": "host",
        "props": Object {},
        "ref": null,
        "rendered": null,
        "type": "hr",
      },
      Object {
        "instance": null,
        "key": undefined,
        "nodeType": "host",
        "props": Object {
          "children": Array [
            <div
              className="card-dates"
            >
              <p>
                <p>
                  Feb 20
                </p>
                <p>
                  Feb 20
                </p>
                <p>
                  Feb 20
                </p>
              </p>
            </div>,
            <div
              className="card-values"
            >
              <p>
                <p>
                  5r
                </p>
                <p>
                  6i
                </p>
                <p>
                  5f
                </p>
              </p>
            </div>,
          ],
          "className": "card-body",
        },
        "ref": null,
        "rendered": Array [
          Object {
            "instance": null,
            "key": undefined,
            "nodeType": "host",
            "props": Object {
              "children": <p>
                <p>
                  Feb 20
                </p>
                <p>
                  Feb 20
                </p>
                <p>
                  Feb 20
                </p>
              </p>,
              "className": "card-dates",
            },
            "ref": null,
            "rendered": Object {
              "instance": null,
              "key": undefined,
              "nodeType": "host",
              "props": Object {
                "children": Array [
                  <p>
                    Feb 20
                  </p>,
                  <p>
                    Feb 20
                  </p>,
                  <p>
                    Feb 20
                  </p>,
                ],
              },
              "ref": null,
              "rendered": Array [
                Object {
                  "instance": null,
                  "key": "0",
                  "nodeType": "host",
                  "props": Object {
                    "children": "Feb 20",
                  },
                  "ref": null,
                  "rendered": "Feb 20",
                  "type": "p",
                },
                Object {
                  "instance": null,
                  "key": "1",
                  "nodeType": "host",
                  "props": Object {
                    "children": "Feb 20",
                  },
                  "ref": null,
                  "rendered": "Feb 20",
                  "type": "p",
                },
                Object {
                  "instance": null,
                  "key": "2",
                  "nodeType": "host",
                  "props": Object {
                    "children": "Feb 20",
                  },
                  "ref": null,
                  "rendered": "Feb 20",
                  "type": "p",
                },
              ],
              "type": "p",
            },
            "type": "div",
          },
          Object {
            "instance": null,
            "key": undefined,
            "nodeType": "host",
            "props": Object {
              "children": <p>
                <p>
                  5r
                </p>
                <p>
                  6i
                </p>
                <p>
                  5f
                </p>
              </p>,
              "className": "card-values",
            },
            "ref": null,
            "rendered": Object {
              "instance": null,
              "key": undefined,
              "nodeType": "host",
              "props": Object {
                "children": Array [
                  <p>
                    5r
                  </p>,
                  <p>
                    6i
                  </p>,
                  <p>
                    5f
                  </p>,
                ],
              },
              "ref": null,
              "rendered": Array [
                Object {
                  "instance": null,
                  "key": "0",
                  "nodeType": "host",
                  "props": Object {
                    "children": "5r",
                  },
                  "ref": null,
                  "rendered": "5r",
                  "type": "p",
                },
                Object {
                  "instance": null,
                  "key": "1",
                  "nodeType": "host",
                  "props": Object {
                    "children": "6i",
                  },
                  "ref": null,
                  "rendered": "6i",
                  "type": "p",
                },
                Object {
                  "instance": null,
                  "key": "2",
                  "nodeType": "host",
                  "props": Object {
                    "children": "5f",
                  },
                  "ref": null,
                  "rendered": "5f",
                  "type": "p",
                },
              ],
              "type": "p",
            },
            "type": "div",
          },
        ],
        "type": "div",
      },
    ],
    "type": "div",
  },
  Symbol(enzyme.__nodes__): Array [
    Object {
      "instance": null,
      "key": undefined,
      "nodeType": "host",
      "props": Object {
        "children": Array [
          <h5>
            Maladaptive
          </h5>,
          <hr />,
          <div
            className="card-body"
          >
            <div
              className="card-dates"
            >
              <p>
                <p>
                  Feb 20
                </p>
                <p>
                  Feb 20
                </p>
                <p>
                  Feb 20
                </p>
              </p>
            </div>
            <div
              className="card-values"
            >
              <p>
                <p>
                  5r
                </p>
                <p>
                  6i
                </p>
                <p>
                  5f
                </p>
              </p>
            </div>
          </div>,
        ],
        "className": "ComparisonCard",
      },
      "ref": null,
      "rendered": Array [
        Object {
          "instance": null,
          "key": undefined,
          "nodeType": "host",
          "props": Object {
            "children": "Maladaptive",
          },
          "ref": null,
          "rendered": "Maladaptive",
          "type": "h5",
        },
        Object {
          "instance": null,
          "key": undefined,
          "nodeType": "host",
          "props": Object {},
          "ref": null,
          "rendered": null,
          "type": "hr",
        },
        Object {
          "instance": null,
          "key": undefined,
          "nodeType": "host",
          "props": Object {
            "children": Array [
              <div
                className="card-dates"
              >
                <p>
                  <p>
                    Feb 20
                  </p>
                  <p>
                    Feb 20
                  </p>
                  <p>
                    Feb 20
                  </p>
                </p>
              </div>,
              <div
                className="card-values"
              >
                <p>
                  <p>
                    5r
                  </p>
                  <p>
                    6i
                  </p>
                  <p>
                    5f
                  </p>
                </p>
              </div>,
            ],
            "className": "card-body",
          },
          "ref": null,
          "rendered": Array [
            Object {
              "instance": null,
              "key": undefined,
              "nodeType": "host",
              "props": Object {
                "children": <p>
                  <p>
                    Feb 20
                  </p>
                  <p>
                    Feb 20
                  </p>
                  <p>
                    Feb 20
                  </p>
                </p>,
                "className": "card-dates",
              },
              "ref": null,
              "rendered": Object {
                "instance": null,
                "key": undefined,
                "nodeType": "host",
                "props": Object {
                  "children": Array [
                    <p>
                      Feb 20
                    </p>,
                    <p>
                      Feb 20
                    </p>,
                    <p>
                      Feb 20
                    </p>,
                  ],
                },
                "ref": null,
                "rendered": Array [
                  Object {
                    "instance": null,
                    "key": "0",
                    "nodeType": "host",
                    "props": Object {
                      "children": "Feb 20",
                    },
                    "ref": null,
                    "rendered": "Feb 20",
                    "type": "p",
                  },
                  Object {
                    "instance": null,
                    "key": "1",
                    "nodeType": "host",
                    "props": Object {
                      "children": "Feb 20",
                    },
                    "ref": null,
                    "rendered": "Feb 20",
                    "type": "p",
                  },
                  Object {
                    "instance": null,
                    "key": "2",
                    "nodeType": "host",
                    "props": Object {
                      "children": "Feb 20",
                    },
                    "ref": null,
                    "rendered": "Feb 20",
                    "type": "p",
                  },
                ],
                "type": "p",
              },
              "type": "div",
            },
            Object {
              "instance": null,
              "key": undefined,
              "nodeType": "host",
              "props": Object {
                "children": <p>
                  <p>
                    5r
                  </p>
                  <p>
                    6i
                  </p>
                  <p>
                    5f
                  </p>
                </p>,
                "className": "card-values",
              },
              "ref": null,
              "rendered": Object {
                "instance": null,
                "key": undefined,
                "nodeType": "host",
                "props": Object {
                  "children": Array [
                    <p>
                      5r
                    </p>,
                    <p>
                      6i
                    </p>,
                    <p>
                      5f
                    </p>,
                  ],
                },
                "ref": null,
                "rendered": Array [
                  Object {
                    "instance": null,
                    "key": "0",
                    "nodeType": "host",
                    "props": Object {
                      "children": "5r",
                    },
                    "ref": null,
                    "rendered": "5r",
                    "type": "p",
                  },
                  Object {
                    "instance": null,
                    "key": "1",
                    "nodeType": "host",
                    "props": Object {
                      "children": "6i",
                    },
                    "ref": null,
                    "rendered": "6i",
                    "type": "p",
                  },
                  Object {
                    "instance": null,
                    "key": "2",
                    "nodeType": "host",
                    "props": Object {
                      "children": "5f",
                    },
                    "ref": null,
                    "rendered": "5f",
                    "type": "p",
                  },
                ],
                "type": "p",
              },
              "type": "div",
            },
          ],
          "type": "div",
        },
      ],
      "type": "div",
    },
  ],
  Symbol(enzyme.__options__): Object {
    "adapter": ReactSixteenAdapter {
      "options": Object {
        "enableComponentDidUpdateOnSetState": true,
      },
    },
  },
}
`;
