// Jest Snapshot v1, https://goo.gl/fbAQLP

exports[`ConcernHeader tests Should match the snapshot 1`] = `
ShallowWrapper {
  "length": 1,
  Symbol(enzyme.__root__): [Circular],
  Symbol(enzyme.__unrendered__): <Unknown
    selectedConcern={
      Object {
        "created_at": "2018-02-20T20:08:19.142Z",
        "description": "Concern 1",
        "domain_1": true,
        "domain_2": true,
        "domain_3": false,
        "domain_4": true,
        "domain_5": false,
        "domain_6": false,
        "id": 5,
        "notes": "Some notes.",
        "patient_id": 5,
        "updated_at": "2018-02-20T20:08:19.142Z",
      }
    }
  />,
  Symbol(enzyme.__renderer__): Object {
    "batchedUpdates": [Function],
    "getNode": [Function],
    "render": [Function],
    "simulateEvent": [Function],
    "unmount": [Function],
  },
  Symbol(enzyme.__node__): Object {
    "instance": null,
    "key": undefined,
    "nodeType": "host",
    "props": Object {
      "children": <div
        className="concern-header-holder"
      >
        <h4>
          CONCERN:
          <span
            className="concern-header-span"
          >
            Concern 1
          </span>
        </h4>
        <div
          className="domain-holder"
        >
          <span
            className={null}
          >
            1
          </span>
          <span
            className={null}
          >
            2
          </span>
          <span
            className="display-none"
          >
            3
          </span>
          <span
            className={null}
          >
            4
          </span>
          <span
            className="display-none"
          >
            5
          </span>
          <span
            className="display-none"
          >
            6
          </span>
        </div>
        <h4>
          UPDATED:
          <span
            className="concern-header-span"
          >
            February 20, 2018
          </span>
        </h4>
      </div>,
      "className": "ConcernHeader",
    },
    "ref": null,
    "rendered": Object {
      "instance": null,
      "key": undefined,
      "nodeType": "host",
      "props": Object {
        "children": Array [
          <h4>
            CONCERN:
            <span
              className="concern-header-span"
            >
              Concern 1
            </span>
          </h4>,
          <div
            className="domain-holder"
          >
            <span
              className={null}
            >
              1
            </span>
            <span
              className={null}
            >
              2
            </span>
            <span
              className="display-none"
            >
              3
            </span>
            <span
              className={null}
            >
              4
            </span>
            <span
              className="display-none"
            >
              5
            </span>
            <span
              className="display-none"
            >
              6
            </span>
          </div>,
          <h4>
            UPDATED:
            <span
              className="concern-header-span"
            >
              February 20, 2018
            </span>
          </h4>,
        ],
        "className": "concern-header-holder",
      },
      "ref": null,
      "rendered": Array [
        Object {
          "instance": null,
          "key": undefined,
          "nodeType": "host",
          "props": Object {
            "children": Array [
              "CONCERN:",
              <span
                className="concern-header-span"
              >
                Concern 1
              </span>,
            ],
          },
          "ref": null,
          "rendered": Array [
            "CONCERN:",
            Object {
              "instance": null,
              "key": undefined,
              "nodeType": "host",
              "props": Object {
                "children": "Concern 1",
                "className": "concern-header-span",
              },
              "ref": null,
              "rendered": "Concern 1",
              "type": "span",
            },
          ],
          "type": "h4",
        },
        Object {
          "instance": null,
          "key": undefined,
          "nodeType": "host",
          "props": Object {
            "children": Array [
              <span
                className={null}
              >
                1
              </span>,
              <span
                className={null}
              >
                2
              </span>,
              <span
                className="display-none"
              >
                3
              </span>,
              <span
                className={null}
              >
                4
              </span>,
              <span
                className="display-none"
              >
                5
              </span>,
              <span
                className="display-none"
              >
                6
              </span>,
            ],
            "className": "domain-holder",
          },
          "ref": null,
          "rendered": Array [
            Object {
              "instance": null,
              "key": undefined,
              "nodeType": "host",
              "props": Object {
                "children": "1",
                "className": null,
              },
              "ref": null,
              "rendered": "1",
              "type": "span",
            },
            Object {
              "instance": null,
              "key": undefined,
              "nodeType": "host",
              "props": Object {
                "children": "2",
                "className": null,
              },
              "ref": null,
              "rendered": "2",
              "type": "span",
            },
            Object {
              "instance": null,
              "key": undefined,
              "nodeType": "host",
              "props": Object {
                "children": "3",
                "className": "display-none",
              },
              "ref": null,
              "rendered": "3",
              "type": "span",
            },
            Object {
              "instance": null,
              "key": undefined,
              "nodeType": "host",
              "props": Object {
                "children": "4",
                "className": null,
              },
              "ref": null,
              "rendered": "4",
              "type": "span",
            },
            Object {
              "instance": null,
              "key": undefined,
              "nodeType": "host",
              "props": Object {
                "children": "5",
                "className": "display-none",
              },
              "ref": null,
              "rendered": "5",
              "type": "span",
            },
            Object {
              "instance": null,
              "key": undefined,
              "nodeType": "host",
              "props": Object {
                "children": "6",
                "className": "display-none",
              },
              "ref": null,
              "rendered": "6",
              "type": "span",
            },
          ],
          "type": "div",
        },
        Object {
          "instance": null,
          "key": undefined,
          "nodeType": "host",
          "props": Object {
            "children": Array [
              "UPDATED:",
              <span
                className="concern-header-span"
              >
                February 20, 2018
              </span>,
            ],
          },
          "ref": null,
          "rendered": Array [
            "UPDATED:",
            Object {
              "instance": null,
              "key": undefined,
              "nodeType": "host",
              "props": Object {
                "children": "February 20, 2018",
                "className": "concern-header-span",
              },
              "ref": null,
              "rendered": "February 20, 2018",
              "type": "span",
            },
          ],
          "type": "h4",
        },
      ],
      "type": "div",
    },
    "type": "div",
  },
  Symbol(enzyme.__nodes__): Array [
    Object {
      "instance": null,
      "key": undefined,
      "nodeType": "host",
      "props": Object {
        "children": <div
          className="concern-header-holder"
        >
          <h4>
            CONCERN:
            <span
              className="concern-header-span"
            >
              Concern 1
            </span>
          </h4>
          <div
            className="domain-holder"
          >
            <span
              className={null}
            >
              1
            </span>
            <span
              className={null}
            >
              2
            </span>
            <span
              className="display-none"
            >
              3
            </span>
            <span
              className={null}
            >
              4
            </span>
            <span
              className="display-none"
            >
              5
            </span>
            <span
              className="display-none"
            >
              6
            </span>
          </div>
          <h4>
            UPDATED:
            <span
              className="concern-header-span"
            >
              February 20, 2018
            </span>
          </h4>
        </div>,
        "className": "ConcernHeader",
      },
      "ref": null,
      "rendered": Object {
        "instance": null,
        "key": undefined,
        "nodeType": "host",
        "props": Object {
          "children": Array [
            <h4>
              CONCERN:
              <span
                className="concern-header-span"
              >
                Concern 1
              </span>
            </h4>,
            <div
              className="domain-holder"
            >
              <span
                className={null}
              >
                1
              </span>
              <span
                className={null}
              >
                2
              </span>
              <span
                className="display-none"
              >
                3
              </span>
              <span
                className={null}
              >
                4
              </span>
              <span
                className="display-none"
              >
                5
              </span>
              <span
                className="display-none"
              >
                6
              </span>
            </div>,
            <h4>
              UPDATED:
              <span
                className="concern-header-span"
              >
                February 20, 2018
              </span>
            </h4>,
          ],
          "className": "concern-header-holder",
        },
        "ref": null,
        "rendered": Array [
          Object {
            "instance": null,
            "key": undefined,
            "nodeType": "host",
            "props": Object {
              "children": Array [
                "CONCERN:",
                <span
                  className="concern-header-span"
                >
                  Concern 1
                </span>,
              ],
            },
            "ref": null,
            "rendered": Array [
              "CONCERN:",
              Object {
                "instance": null,
                "key": undefined,
                "nodeType": "host",
                "props": Object {
                  "children": "Concern 1",
                  "className": "concern-header-span",
                },
                "ref": null,
                "rendered": "Concern 1",
                "type": "span",
              },
            ],
            "type": "h4",
          },
          Object {
            "instance": null,
            "key": undefined,
            "nodeType": "host",
            "props": Object {
              "children": Array [
                <span
                  className={null}
                >
                  1
                </span>,
                <span
                  className={null}
                >
                  2
                </span>,
                <span
                  className="display-none"
                >
                  3
                </span>,
                <span
                  className={null}
                >
                  4
                </span>,
                <span
                  className="display-none"
                >
                  5
                </span>,
                <span
                  className="display-none"
                >
                  6
                </span>,
              ],
              "className": "domain-holder",
            },
            "ref": null,
            "rendered": Array [
              Object {
                "instance": null,
                "key": undefined,
                "nodeType": "host",
                "props": Object {
                  "children": "1",
                  "className": null,
                },
                "ref": null,
                "rendered": "1",
                "type": "span",
              },
              Object {
                "instance": null,
                "key": undefined,
                "nodeType": "host",
                "props": Object {
                  "children": "2",
                  "className": null,
                },
                "ref": null,
                "rendered": "2",
                "type": "span",
              },
              Object {
                "instance": null,
                "key": undefined,
                "nodeType": "host",
                "props": Object {
                  "children": "3",
                  "className": "display-none",
                },
                "ref": null,
                "rendered": "3",
                "type": "span",
              },
              Object {
                "instance": null,
                "key": undefined,
                "nodeType": "host",
                "props": Object {
                  "children": "4",
                  "className": null,
                },
                "ref": null,
                "rendered": "4",
                "type": "span",
              },
              Object {
                "instance": null,
                "key": undefined,
                "nodeType": "host",
                "props": Object {
                  "children": "5",
                  "className": "display-none",
                },
                "ref": null,
                "rendered": "5",
                "type": "span",
              },
              Object {
                "instance": null,
                "key": undefined,
                "nodeType": "host",
                "props": Object {
                  "children": "6",
                  "className": "display-none",
                },
                "ref": null,
                "rendered": "6",
                "type": "span",
              },
            ],
            "type": "div",
          },
          Object {
            "instance": null,
            "key": undefined,
            "nodeType": "host",
            "props": Object {
              "children": Array [
                "UPDATED:",
                <span
                  className="concern-header-span"
                >
                  February 20, 2018
                </span>,
              ],
            },
            "ref": null,
            "rendered": Array [
              "UPDATED:",
              Object {
                "instance": null,
                "key": undefined,
                "nodeType": "host",
                "props": Object {
                  "children": "February 20, 2018",
                  "className": "concern-header-span",
                },
                "ref": null,
                "rendered": "February 20, 2018",
                "type": "span",
              },
            ],
            "type": "h4",
          },
        ],
        "type": "div",
      },
      "type": "div",
    },
  ],
  Symbol(enzyme.__options__): Object {
    "adapter": ReactSixteenAdapter {
      "options": Object {
        "enableComponentDidUpdateOnSetState": true,
      },
    },
  },
}
`;
