// Jest Snapshot v1, https://goo.gl/fbAQLP

exports[`Concerns tests Should match the snapshot 1`] = `
ShallowWrapper {
  "length": 1,
  Symbol(enzyme.__root__): [Circular],
  Symbol(enzyme.__unrendered__): <Unknown
    patientConcerns={
      Array [
        Object {
          "created_at": "2018-02-20T20:08:19.142Z",
          "description": "Concern 1",
          "domain_1": true,
          "domain_2": true,
          "domain_3": false,
          "domain_4": true,
          "domain_5": false,
          "domain_6": false,
          "id": 5,
          "notes": "Some notes.",
          "patient_id": 5,
          "updated_at": "2018-02-20T20:08:19.142Z",
        },
      ]
    }
  />,
  Symbol(enzyme.__renderer__): Object {
    "batchedUpdates": [Function],
    "getNode": [Function],
    "render": [Function],
    "simulateEvent": [Function],
    "unmount": [Function],
  },
  Symbol(enzyme.__node__): Object {
    "instance": null,
    "key": undefined,
    "nodeType": "host",
    "props": Object {
      "children": Array [
        <Connect(ConcernRow)
          concern="Concern 1"
          d1={true}
          d2={true}
          d3={false}
          d4={true}
          d5={false}
          d6={false}
          id={5}
          notes="Some notes."
        />,
      ],
    },
    "ref": null,
    "rendered": Array [
      Object {
        "instance": null,
        "key": "0",
        "nodeType": "class",
        "props": Object {
          "concern": "Concern 1",
          "d1": true,
          "d2": true,
          "d3": false,
          "d4": true,
          "d5": false,
          "d6": false,
          "id": 5,
          "notes": "Some notes.",
        },
        "ref": null,
        "rendered": null,
        "type": [Function],
      },
    ],
    "type": "div",
  },
  Symbol(enzyme.__nodes__): Array [
    Object {
      "instance": null,
      "key": undefined,
      "nodeType": "host",
      "props": Object {
        "children": Array [
          <Connect(ConcernRow)
            concern="Concern 1"
            d1={true}
            d2={true}
            d3={false}
            d4={true}
            d5={false}
            d6={false}
            id={5}
            notes="Some notes."
          />,
        ],
      },
      "ref": null,
      "rendered": Array [
        Object {
          "instance": null,
          "key": "0",
          "nodeType": "class",
          "props": Object {
            "concern": "Concern 1",
            "d1": true,
            "d2": true,
            "d3": false,
            "d4": true,
            "d5": false,
            "d6": false,
            "id": 5,
            "notes": "Some notes.",
          },
          "ref": null,
          "rendered": null,
          "type": [Function],
        },
      ],
      "type": "div",
    },
  ],
  Symbol(enzyme.__options__): Object {
    "adapter": ReactSixteenAdapter {
      "options": Object {
        "enableComponentDidUpdateOnSetState": true,
      },
    },
  },
}
`;
